// Jest Snapshot v1, https://goo.gl/fbAQLP

exports[`-- Form.js -- renders 1`] = `
<div>
  <section
    class="sc-ifAKCX PvtxZ"
  >
    <form
      class="sc-EHOje KQgPY"
    >
      <label
        class="sc-bZQynM hLMmSv"
        data-testid="label1"
        for="firstName"
      >
        FIRST NAME
      </label>
      <input
        class="sc-gzVnrw HcCoo"
        data-testid="input1"
        name="firstName"
        required=""
        type="text"
        value=""
      />
      <label
        class="sc-bZQynM hLMmSv"
        data-testid="label2"
        for="lastName"
      >
        LAST NAME
      </label>
      <input
        class="sc-gzVnrw HcCoo"
        data-testid="input2"
        name="lastName"
        required=""
        type="text"
        value=""
      />
      <label
        class="sc-bZQynM hLMmSv"
        data-testid="label3"
        for="address1"
      >
        ADDRESS
      </label>
      <input
        class="sc-gzVnrw HcCoo"
        data-testid="input3"
        name="address1"
        required=""
        type="text"
        value=""
      />
      <label
        class="sc-bZQynM hLMmSv"
        data-testid="label4"
        for="address2"
      >
        ADDRESS 2 (OPTIONAL)
      </label>
      <input
        class="sc-htoDjs gehhcT"
        name="address2"
        placeholder=" "
        type="text"
        value=""
      />
      <button
        class="sc-dnqmqq bpbtYo"
        data-testid="button"
        type="submit"
      >
        Next
        <svg
          class="sc-iwsKbI eXVGwH"
        >
          White_Arrow.svg
        </svg>
      </button>
    </form>
  </section>
</div>
`;
